arrow_workloads
├─ arrow_native
│  ├─ 0
│  │  ├─ AllNull
│  │  ├─ BooleanSlice
│  │  ├─ CheckedAdd
│  │  ├─ CheckedAddNullable
│  │  ├─ DictionaryInteger
│  │  ├─ DictionaryString
│  │  ├─ DivideNullable
│  │  ├─ Nullary
│  │  ├─ ScalarOnly
│  │  ├─ ScaleList0
│  │  ├─ ScaleList4
│  │  ├─ Timestamp
│  │  ├─ TrimLargeUtf8
│  │  ├─ TrimUtf8
│  │  ├─ TrimViewLong
│  │  ╰─ TrimViewShort
│  ├─ 64
│  │  ├─ AllNull
│  │  ├─ BooleanSlice
│  │  ├─ CheckedAdd
│  │  ├─ CheckedAddNullable
│  │  ├─ DictionaryInteger
│  │  ├─ DictionaryString
│  │  ├─ DivideNullable
│  │  ├─ Nullary
│  │  ├─ ScalarOnly
│  │  ├─ ScaleList0
│  │  ├─ ScaleList4
│  │  ├─ Timestamp
│  │  ├─ TrimLargeUtf8
│  │  ├─ TrimUtf8
│  │  ├─ TrimViewLong
│  │  ╰─ TrimViewShort
│  ├─ 1024
│  │  ├─ AllNull
│  │  ├─ BooleanSlice
│  │  ├─ CheckedAdd
│  │  ├─ CheckedAddNullable
│  │  ├─ DictionaryInteger
│  │  ├─ DictionaryString
│  │  ├─ DivideNullable
│  │  ├─ Nullary
│  │  ├─ ScalarOnly
│  │  ├─ ScaleList0
│  │  ├─ ScaleList4
│  │  ├─ Timestamp
│  │  ├─ TrimLargeUtf8
│  │  ├─ TrimUtf8
│  │  ├─ TrimViewLong
│  │  ╰─ TrimViewShort
│  ╰─ 16384
│     ├─ AllNull
│     ├─ BooleanSlice
│     ├─ CheckedAdd
│     ├─ CheckedAddNullable
│     ├─ DictionaryInteger
│     ├─ DictionaryString
│     ├─ DivideNullable
│     ├─ Nullary
│     ├─ ScalarOnly
│     ├─ ScaleList0
│     ├─ ScaleList4
│     ├─ Timestamp
│     ├─ TrimLargeUtf8
│     ├─ TrimUtf8
│     ├─ TrimViewLong
│     ╰─ TrimViewShort
╰─ arrow_rofl
   ├─ 0
   │  ├─ AllNull
   │  ├─ BooleanSlice
   │  ├─ CheckedAdd
   │  ├─ CheckedAddNullable
   │  ├─ DictionaryInteger
   │  ├─ DictionaryString
   │  ├─ DivideNullable
   │  ├─ Nullary
   │  ├─ ScalarOnly
   │  ├─ ScaleList0
   │  ├─ ScaleList4
   │  ├─ Timestamp
   │  ├─ TrimLargeUtf8
   │  ├─ TrimUtf8
   │  ├─ TrimViewLong
   │  ╰─ TrimViewShort
   ├─ 64
   │  ├─ AllNull
   │  ├─ BooleanSlice
   │  ├─ CheckedAdd
   │  ├─ CheckedAddNullable
   │  ├─ DictionaryInteger
   │  ├─ DictionaryString
   │  ├─ DivideNullable
   │  ├─ Nullary
   │  ├─ ScalarOnly
   │  ├─ ScaleList0
   │  ├─ ScaleList4
   │  ├─ Timestamp
   │  ├─ TrimLargeUtf8
   │  ├─ TrimUtf8
   │  ├─ TrimViewLong
   │  ╰─ TrimViewShort
   ├─ 1024
   │  ├─ AllNull
   │  ├─ BooleanSlice
   │  ├─ CheckedAdd
   │  ├─ CheckedAddNullable
   │  ├─ DictionaryInteger
   │  ├─ DictionaryString
   │  ├─ DivideNullable
   │  ├─ Nullary
   │  ├─ ScalarOnly
   │  ├─ ScaleList0
   │  ├─ ScaleList4
   │  ├─ Timestamp
   │  ├─ TrimLargeUtf8
   │  ├─ TrimUtf8
   │  ├─ TrimViewLong
   │  ╰─ TrimViewShort
   ╰─ 16384
      ├─ AllNull
      ├─ BooleanSlice
      ├─ CheckedAdd
      ├─ CheckedAddNullable
      ├─ DictionaryInteger
      ├─ DictionaryString
      ├─ DivideNullable
      ├─ Nullary
      ├─ ScalarOnly
      ├─ ScaleList0
      ├─ ScaleList4
      ├─ Timestamp
      ├─ TrimLargeUtf8
      ├─ TrimUtf8
      ├─ TrimViewLong
      ╰─ TrimViewShort

